[11/Feb/2017:13:19:55 +0000] "GET /url/test/success HTTP/1.0" 205 0 1.967778ms
[11/Feb/2017:13:19:55 +0000] "GET /url/test/success HTTP/1.0" 200 0 1.967778ms
[11/Feb/2017:13:19:55 +0000] "GET /url/test/success HTTP/1.0" 200 0 1.967778ms
[11/Feb/2017:13:19:55 +0000] "GET /url/test/success HTTP/1.0" 204 0 1.967778ms
[11/Feb/2017:13:19:55 +0000] "GET /url/test/success HTTP/1.0" 500 0 1.967778ms
